2026-09-18 12:25:18,714 INFO GET https://jdm-api.demo.lirmm.fr/v0/relations_types status=200 elapsed=0.056s bytes=66090 attempt=1
2026-09-18 12:25:19,045 INFO GET https://jdm-api.demo.lirmm.fr/v0/nodes_types status=200 elapsed=0.031s bytes=2014 attempt=1
2026-09-18 12:25:19,380 INFO GET https://jdm-api.demo.lirmm.fr/v0/node_by_name/voiture status=200 elapsed=0.035s bytes=145 attempt=1
2026-09-18 12:25:19,951 INFO GET https://jdm-api.demo.lirmm.fr/v0/relations/from/voiture?types_ids=6 status=200 elapsed=0.271s bytes=21252 attempt=1
2026-09-18 12:25:20,299 INFO GET https://jdm-api.demo.lirmm.fr/v0/relations/from/voiture?types_ids=36 status=200 elapsed=0.048s bytes=3617 attempt=1
2026-09-18 12:25:27,181 INFO GET https://jdm-api.demo.lirmm.fr/v0/relations/to/voiture?relation_fields=type&relation_fields=w&without_nodes=true status=200 elapsed=6.581s bytes=1109758 attempt=1
2026-09-18 12:25:28,136 INFO GET https://jdm-api.demo.lirmm.fr/v0/refinements/voiture status=200 elapsed=0.654s bytes=2655 attempt=1
2026-09-18 12:25:28,478 INFO GET https://jdm-api.demo.lirmm.fr/v0/node_by_name/maison status=200 elapsed=0.042s bytes=145 attempt=1
2026-09-18 12:25:29,067 INFO GET https://jdm-api.demo.lirmm.fr/v0/relations/from/maison?types_ids=6 status=200 elapsed=0.289s bytes=14883 attempt=1
2026-09-18 12:25:29,413 INFO GET https://jdm-api.demo.lirmm.fr/v0/relations/from/maison?types_ids=36 status=200 elapsed=0.046s bytes=3994 attempt=1
2026-09-18 12:25:36,820 INFO GET https://jdm-api.demo.lirmm.fr/v0/relations/to/maison?relation_fields=type&relation_fields=w&without_nodes=true status=200 elapsed=7.107s bytes=1179076 attempt=1
2026-09-18 12:25:38,200 INFO GET https://jdm-api.demo.lirmm.fr/v0/refinements/maison status=200 elapsed=1.080s bytes=4080 attempt=1
2026-09-18 12:25:38,568 INFO GET https://jdm-api.demo.lirmm.fr/v0/node_by_name/pain status=200 elapsed=0.067s bytes=142 attempt=1
2026-09-18 12:25:38,929 INFO GET https://jdm-api.demo.lirmm.fr/v0/relations/from/pain?types_ids=6 status=200 elapsed=0.061s bytes=7612 attempt=1
2026-09-18 12:25:39,310 INFO GET https://jdm-api.demo.lirmm.fr/v0/relations/from/pain?types_ids=36 status=200 elapsed=0.080s bytes=3642 attempt=1
2026-09-18 12:25:43,599 INFO GET https://jdm-api.demo.lirmm.fr/v0/relations/to/pain?relation_fields=type&relation_fields=w&without_nodes=true status=200 elapsed=3.988s bytes=641818 attempt=1
2026-09-18 12:25:44,623 INFO GET https://jdm-api.demo.lirmm.fr/v0/refinements/pain status=200 elapsed=0.724s bytes=2120 attempt=1
2026-09-18 12:25:45,086 INFO GET https://jdm-api.demo.lirmm.fr/v0/node_by_name/chien status=200 elapsed=0.163s bytes=142 attempt=1
2026-09-18 12:25:45,558 INFO GET https://jdm-api.demo.lirmm.fr/v0/relations/from/chien?types_ids=6 status=200 elapsed=0.172s bytes=31737 attempt=1
2026-09-18 12:25:45,908 INFO GET https://jdm-api.demo.lirmm.fr/v0/relations/from/chien?types_ids=36 status=200 elapsed=0.049s bytes=4714 attempt=1
2026-09-18 12:25:50,034 INFO GET https://jdm-api.demo.lirmm.fr/v0/relations/to/chien?relation_fields=type&relation_fields=w&without_nodes=true status=200 elapsed=3.826s bytes=814677 attempt=1
2026-09-18 12:25:51,150 INFO GET https://jdm-api.demo.lirmm.fr/v0/refinements/chien status=500 elapsed=0.815s bytes=2421 attempt=1
2026-09-18 12:25:51,150 WARNING nouvel essai dans 1.0s (JDMError('HTTP 500 sur https://jdm-api.demo.lirmm.fr/v0/refinements/chien'))
2026-09-18 12:25:52,271 INFO GET https://jdm-api.demo.lirmm.fr/v0/refinements/chien status=500 elapsed=0.120s bytes=2421 attempt=2
2026-09-18 12:25:52,271 WARNING nouvel essai dans 2.0s (JDMError('HTTP 500 sur https://jdm-api.demo.lirmm.fr/v0/refinements/chien'))
2026-09-18 12:25:54,556 INFO GET https://jdm-api.demo.lirmm.fr/v0/refinements/chien status=500 elapsed=0.282s bytes=2421 attempt=3
2026-09-18 12:26:26,090 INFO GET https://jdm-api.demo.lirmm.fr/v0/relations/from/voiture?types_ids=1 status=200 elapsed=0.040s bytes=873 attempt=1
2026-09-18 12:26:26,451 INFO GET https://jdm-api.demo.lirmm.fr/v0/relations/from/maison?types_ids=1 status=200 elapsed=0.061s bytes=1561 attempt=1
2026-09-18 12:26:26,795 INFO GET https://jdm-api.demo.lirmm.fr/v0/relations/from/pain?types_ids=1 status=200 elapsed=0.044s bytes=1091 attempt=1
2026-09-18 12:26:27,136 INFO GET https://jdm-api.demo.lirmm.fr/v0/relations/from/chien?types_ids=1 status=200 elapsed=0.040s bytes=1666 attempt=1
2026-09-18 12:26:27,478 INFO GET https://jdm-api.demo.lirmm.fr/v0/node_by_name/v%C3%A9lo status=200 elapsed=0.042s bytes=143 attempt=1
2026-09-18 12:26:27,878 INFO GET https://jdm-api.demo.lirmm.fr/v0/relations/from/v%C3%A9lo?types_ids=6 status=200 elapsed=0.099s bytes=15884 attempt=1
2026-09-18 12:26:28,221 INFO GET https://jdm-api.demo.lirmm.fr/v0/relations/from/v%C3%A9lo?types_ids=36 status=200 elapsed=0.043s bytes=3156 attempt=1
2026-09-18 12:26:30,515 INFO GET https://jdm-api.demo.lirmm.fr/v0/relations/to/v%C3%A9lo?relation_fields=type&relation_fields=w&without_nodes=true status=200 elapsed=1.994s bytes=349125 attempt=1
2026-09-18 12:26:30,864 INFO GET https://jdm-api.demo.lirmm.fr/v0/relations/from/v%C3%A9lo?types_ids=1 status=200 elapsed=0.048s bytes=866 attempt=1
2026-09-18 12:26:31,201 INFO GET https://jdm-api.demo.lirmm.fr/v0/node_by_name/bateau status=200 elapsed=0.037s bytes=146 attempt=1
2026-09-18 12:26:31,612 INFO GET https://jdm-api.demo.lirmm.fr/v0/relations/from/bateau?types_ids=6 status=200 elapsed=0.110s bytes=16982 attempt=1
2026-09-18 12:26:31,956 INFO GET https://jdm-api.demo.lirmm.fr/v0/relations/from/bateau?types_ids=36 status=200 elapsed=0.044s bytes=3825 attempt=1
2026-09-18 12:26:36,909 INFO GET https://jdm-api.demo.lirmm.fr/v0/relations/to/bateau?relation_fields=type&relation_fields=w&without_nodes=true status=200 elapsed=4.652s bytes=888723 attempt=1
2026-09-18 12:26:37,261 INFO GET https://jdm-api.demo.lirmm.fr/v0/relations/from/bateau?types_ids=1 status=200 elapsed=0.052s bytes=1595 attempt=1
2026-09-18 12:26:37,612 INFO GET https://jdm-api.demo.lirmm.fr/v0/node_by_name/cave status=200 elapsed=0.051s bytes=143 attempt=1
2026-09-18 12:26:37,984 INFO GET https://jdm-api.demo.lirmm.fr/v0/relations/from/cave?types_ids=6 status=200 elapsed=0.071s bytes=11448 attempt=1
2026-09-18 12:26:38,331 INFO GET https://jdm-api.demo.lirmm.fr/v0/relations/from/cave?types_ids=36 status=200 elapsed=0.047s bytes=3320 attempt=1
2026-09-18 12:26:39,518 INFO GET https://jdm-api.demo.lirmm.fr/v0/relations/to/cave?relation_fields=type&relation_fields=w&without_nodes=true status=200 elapsed=0.887s bytes=152560 attempt=1
2026-09-18 12:26:39,878 INFO GET https://jdm-api.demo.lirmm.fr/v0/relations/from/cave?types_ids=1 status=200 elapsed=0.059s bytes=1210 attempt=1
2026-09-18 12:26:40,223 INFO GET https://jdm-api.demo.lirmm.fr/v0/node_by_name/salet%C3%A9 status=200 elapsed=0.045s bytes=143 attempt=1
2026-09-18 12:26:40,570 INFO GET https://jdm-api.demo.lirmm.fr/v0/relations/from/salet%C3%A9?types_ids=6 status=200 elapsed=0.046s bytes=1450 attempt=1
2026-09-18 12:26:40,911 INFO GET https://jdm-api.demo.lirmm.fr/v0/relations/from/salet%C3%A9?types_ids=36 status=200 elapsed=0.041s bytes=3189 attempt=1
2026-09-18 12:26:42,112 INFO GET https://jdm-api.demo.lirmm.fr/v0/relations/to/salet%C3%A9?relation_fields=type&relation_fields=w&without_nodes=true status=200 elapsed=0.901s bytes=161197 attempt=1
2026-09-18 12:26:42,454 INFO GET https://jdm-api.demo.lirmm.fr/v0/relations/from/salet%C3%A9?types_ids=1 status=200 elapsed=0.041s bytes=876 attempt=1
2026-09-18 12:26:42,792 INFO GET https://jdm-api.demo.lirmm.fr/v0/node_by_name/arbitrage status=200 elapsed=0.037s bytes=148 attempt=1
2026-09-18 12:26:43,160 INFO GET https://jdm-api.demo.lirmm.fr/v0/relations/from/arbitrage?types_ids=6 status=200 elapsed=0.068s bytes=6505 attempt=1
2026-09-18 12:26:43,505 INFO GET https://jdm-api.demo.lirmm.fr/v0/relations/from/arbitrage?types_ids=36 status=200 elapsed=0.045s bytes=2227 attempt=1
2026-09-18 12:26:45,313 INFO GET https://jdm-api.demo.lirmm.fr/v0/relations/to/arbitrage?relation_fields=type&relation_fields=w&without_nodes=true status=200 elapsed=1.508s bytes=235785 attempt=1
2026-09-18 12:26:45,657 INFO GET https://jdm-api.demo.lirmm.fr/v0/relations/from/arbitrage?types_ids=1 status=200 elapsed=0.043s bytes=765 attempt=1
2026-09-18 12:26:46,097 INFO GET https://jdm-api.demo.lirmm.fr/v0/node_by_name/hibernation status=200 elapsed=0.140s bytes=148 attempt=1
2026-09-18 12:26:46,448 INFO GET https://jdm-api.demo.lirmm.fr/v0/relations/from/hibernation?types_ids=6 status=200 elapsed=0.051s bytes=1383 attempt=1
2026-09-18 12:26:46,798 INFO GET https://jdm-api.demo.lirmm.fr/v0/relations/from/hibernation?types_ids=36 status=200 elapsed=0.050s bytes=2784 attempt=1
2026-09-18 12:26:47,529 INFO GET https://jdm-api.demo.lirmm.fr/v0/relations/to/hibernation?relation_fields=type&relation_fields=w&without_nodes=true status=200 elapsed=0.431s bytes=58742 attempt=1
2026-09-18 12:26:47,871 INFO GET https://jdm-api.demo.lirmm.fr/v0/relations/from/hibernation?types_ids=1 status=200 elapsed=0.041s bytes=784 attempt=1
2026-09-18 12:26:48,209 INFO GET https://jdm-api.demo.lirmm.fr/v0/node_by_name/d%C3%A9montage status=200 elapsed=0.037s bytes=147 attempt=1
2026-09-18 12:26:48,553 INFO GET https://jdm-api.demo.lirmm.fr/v0/relations/from/d%C3%A9montage?types_ids=6 status=200 elapsed=0.043s bytes=3461 attempt=1
2026-09-18 12:26:48,895 INFO GET https://jdm-api.demo.lirmm.fr/v0/relations/from/d%C3%A9montage?types_ids=36 status=200 elapsed=0.042s bytes=2884 attempt=1
2026-09-18 12:26:49,489 INFO GET https://jdm-api.demo.lirmm.fr/v0/relations/to/d%C3%A9montage?relation_fields=type&relation_fields=w&without_nodes=true status=200 elapsed=0.293s bytes=45099 attempt=1
2026-09-18 12:26:49,849 INFO GET https://jdm-api.demo.lirmm.fr/v0/relations/from/d%C3%A9montage?types_ids=1 status=200 elapsed=0.059s bytes=337 attempt=1
2026-09-18 12:26:50,213 INFO GET https://jdm-api.demo.lirmm.fr/v0/node_by_name/extraction status=200 elapsed=0.064s bytes=148 attempt=1
2026-09-18 12:26:50,578 INFO GET https://jdm-api.demo.lirmm.fr/v0/relations/from/extraction?types_ids=6 status=200 elapsed=0.065s bytes=3389 attempt=1
2026-09-18 12:26:50,919 INFO GET https://jdm-api.demo.lirmm.fr/v0/relations/from/extraction?types_ids=36 status=200 elapsed=0.040s bytes=2194 attempt=1
2026-09-18 12:26:54,097 INFO GET https://jdm-api.demo.lirmm.fr/v0/relations/to/extraction?relation_fields=type&relation_fields=w&without_nodes=true status=200 elapsed=2.878s bytes=511518 attempt=1
2026-09-18 12:26:54,442 INFO GET https://jdm-api.demo.lirmm.fr/v0/relations/from/extraction?types_ids=1 status=200 elapsed=0.045s bytes=1123 attempt=1
2026-09-18 12:26:54,781 INFO GET https://jdm-api.demo.lirmm.fr/v0/node_by_name/Bordeaux status=200 elapsed=0.039s bytes=147 attempt=1
2026-09-18 12:26:55,160 INFO GET https://jdm-api.demo.lirmm.fr/v0/relations/from/Bordeaux?types_ids=6 status=200 elapsed=0.078s bytes=8184 attempt=1
2026-09-18 12:26:55,505 INFO GET https://jdm-api.demo.lirmm.fr/v0/relations/from/Bordeaux?types_ids=36 status=200 elapsed=0.045s bytes=2492 attempt=1
2026-09-18 12:26:59,994 INFO GET https://jdm-api.demo.lirmm.fr/v0/relations/to/Bordeaux?relation_fields=type&relation_fields=w&without_nodes=true status=200 elapsed=4.188s bytes=692589 attempt=1
2026-09-18 12:27:00,328 INFO GET https://jdm-api.demo.lirmm.fr/v0/relations/from/Bordeaux?types_ids=1 status=200 elapsed=0.034s bytes=1018 attempt=1
2026-09-18 12:27:00,669 INFO GET https://jdm-api.demo.lirmm.fr/v0/node_by_name/Caire status=200 elapsed=0.041s bytes=141 attempt=1
2026-09-18 12:27:01,044 INFO GET https://jdm-api.demo.lirmm.fr/v0/relations/from/Caire?types_ids=6 status=200 elapsed=0.074s bytes=1114 attempt=1
2026-09-18 12:27:01,387 INFO GET https://jdm-api.demo.lirmm.fr/v0/relations/from/Caire?types_ids=36 status=200 elapsed=0.043s bytes=1856 attempt=1
2026-09-18 12:27:02,613 INFO GET https://jdm-api.demo.lirmm.fr/v0/relations/to/Caire?relation_fields=type&relation_fields=w&without_nodes=true status=200 elapsed=0.925s bytes=162455 attempt=1
2026-09-18 12:27:02,966 INFO GET https://jdm-api.demo.lirmm.fr/v0/relations/from/Caire?types_ids=1 status=200 elapsed=0.052s bytes=332 attempt=1
2026-09-18 12:27:03,296 INFO GET https://jdm-api.demo.lirmm.fr/v0/node_by_name/Verdon status=200 elapsed=0.030s bytes=140 attempt=1
2026-09-18 12:27:03,634 INFO GET https://jdm-api.demo.lirmm.fr/v0/relations/from/Verdon?types_ids=6 status=200 elapsed=0.038s bytes=4689 attempt=1
2026-09-18 12:27:03,969 INFO GET https://jdm-api.demo.lirmm.fr/v0/relations/from/Verdon?types_ids=36 status=200 elapsed=0.034s bytes=2209 attempt=1
2026-09-18 12:27:04,455 INFO GET https://jdm-api.demo.lirmm.fr/v0/relations/to/Verdon?relation_fields=type&relation_fields=w&without_nodes=true status=200 elapsed=0.186s bytes=20686 attempt=1
2026-09-18 12:27:04,792 INFO GET https://jdm-api.demo.lirmm.fr/v0/relations/from/Verdon?types_ids=1 status=200 elapsed=0.037s bytes=771 attempt=1
2026-09-18 12:27:05,118 INFO GET https://jdm-api.demo.lirmm.fr/v0/node_by_name/Argentine status=200 elapsed=0.025s bytes=147 attempt=1
2026-09-18 12:27:05,507 INFO GET https://jdm-api.demo.lirmm.fr/v0/relations/from/Argentine?types_ids=6 status=200 elapsed=0.089s bytes=14667 attempt=1
2026-09-18 12:27:05,839 INFO GET https://jdm-api.demo.lirmm.fr/v0/relations/from/Argentine?types_ids=36 status=200 elapsed=0.032s bytes=3355 attempt=1
2026-09-18 12:27:11,106 INFO GET https://jdm-api.demo.lirmm.fr/v0/relations/to/Argentine?relation_fields=type&relation_fields=w&without_nodes=true status=200 elapsed=4.966s bytes=1006835 attempt=1
2026-09-18 12:27:11,447 INFO GET https://jdm-api.demo.lirmm.fr/v0/relations/from/Argentine?types_ids=1 status=200 elapsed=0.041s bytes=1404 attempt=1
2026-09-18 12:27:11,784 INFO GET https://jdm-api.demo.lirmm.fr/v0/node_by_name/Bresse status=200 elapsed=0.037s bytes=143 attempt=1
2026-09-18 12:27:12,129 INFO GET https://jdm-api.demo.lirmm.fr/v0/relations/from/Bresse?types_ids=6 status=200 elapsed=0.044s bytes=1370 attempt=1
2026-09-18 12:27:12,467 INFO GET https://jdm-api.demo.lirmm.fr/v0/relations/from/Bresse?types_ids=36 status=200 elapsed=0.038s bytes=1631 attempt=1
2026-09-18 12:27:13,038 INFO GET https://jdm-api.demo.lirmm.fr/v0/relations/to/Bresse?relation_fields=type&relation_fields=w&without_nodes=true status=200 elapsed=0.270s bytes=43017 attempt=1
2026-09-18 12:27:13,380 INFO GET https://jdm-api.demo.lirmm.fr/v0/relations/from/Bresse?types_ids=1 status=200 elapsed=0.041s bytes=333 attempt=1
2026-09-18 12:27:13,719 INFO GET https://jdm-api.demo.lirmm.fr/v0/node_by_name/Perse status=200 elapsed=0.039s bytes=142 attempt=1
2026-09-18 12:27:14,082 INFO GET https://jdm-api.demo.lirmm.fr/v0/relations/from/Perse?types_ids=6 status=200 elapsed=0.062s bytes=10811 attempt=1
2026-09-18 12:27:14,427 INFO GET https://jdm-api.demo.lirmm.fr/v0/relations/from/Perse?types_ids=36 status=200 elapsed=0.045s bytes=3123 attempt=1
2026-09-18 12:27:16,013 INFO GET https://jdm-api.demo.lirmm.fr/v0/relations/to/Perse?relation_fields=type&relation_fields=w&without_nodes=true status=200 elapsed=1.286s bytes=242448 attempt=1
2026-09-18 12:27:21,412 INFO GET https://jdm-api.demo.lirmm.fr/v0/relations/from/Perse?types_ids=1 status=200 elapsed=5.099s bytes=780 attempt=1
2026-09-18 12:27:21,803 INFO GET https://jdm-api.demo.lirmm.fr/v0/node_by_name/terre%20cuite status=200 elapsed=0.091s bytes=149 attempt=1
2026-09-18 12:27:22,153 INFO GET https://jdm-api.demo.lirmm.fr/v0/relations/from/terre%20cuite?types_ids=6 status=200 elapsed=0.049s bytes=867 attempt=1
2026-09-18 12:27:22,496 INFO GET https://jdm-api.demo.lirmm.fr/v0/relations/from/terre%20cuite?types_ids=36 status=200 elapsed=0.043s bytes=2452 attempt=1
2026-09-18 12:27:23,305 INFO GET https://jdm-api.demo.lirmm.fr/v0/relations/to/terre%20cuite?relation_fields=type&relation_fields=w&without_nodes=true status=200 elapsed=0.509s bytes=76545 attempt=1
2026-09-18 12:27:23,645 INFO GET https://jdm-api.demo.lirmm.fr/v0/relations/from/terre%20cuite?types_ids=1 status=200 elapsed=0.039s bytes=338 attempt=1
2026-09-18 12:27:23,991 INFO GET https://jdm-api.demo.lirmm.fr/v0/node_by_name/C%C3%B4te%20d%27Ivoire status=200 elapsed=0.046s bytes=152 attempt=1
2026-09-18 12:27:24,341 INFO GET https://jdm-api.demo.lirmm.fr/v0/relations/from/C%C3%B4te%20d%27Ivoire?types_ids=6 status=200 elapsed=0.050s bytes=2055 attempt=1
2026-09-18 12:27:24,692 INFO GET https://jdm-api.demo.lirmm.fr/v0/relations/from/C%C3%B4te%20d%27Ivoire?types_ids=36 status=200 elapsed=0.050s bytes=2487 attempt=1
2026-09-18 12:27:26,281 INFO GET https://jdm-api.demo.lirmm.fr/v0/relations/to/C%C3%B4te%20d%27Ivoire?relation_fields=type&relation_fields=w&without_nodes=true status=200 elapsed=1.289s bytes=238709 attempt=1
2026-09-18 12:27:26,633 INFO GET https://jdm-api.demo.lirmm.fr/v0/relations/from/C%C3%B4te%20d%27Ivoire?types_ids=1 status=200 elapsed=0.052s bytes=683 attempt=1
2026-09-18 12:27:26,970 INFO GET https://jdm-api.demo.lirmm.fr/v0/node_by_name/Mont-Blanc status=200 elapsed=0.036s bytes=146 attempt=1
2026-09-18 12:27:27,344 INFO GET https://jdm-api.demo.lirmm.fr/v0/relations/from/Mont-Blanc?types_ids=6 status=200 elapsed=0.073s bytes=1762 attempt=1
2026-09-18 12:27:27,690 INFO GET https://jdm-api.demo.lirmm.fr/v0/relations/from/Mont-Blanc?types_ids=36 status=200 elapsed=0.046s bytes=2110 attempt=1
2026-09-18 12:27:28,226 INFO GET https://jdm-api.demo.lirmm.fr/v0/relations/to/Mont-Blanc?relation_fields=type&relation_fields=w&without_nodes=true status=200 elapsed=0.235s bytes=32140 attempt=1
2026-09-18 12:27:28,564 INFO GET https://jdm-api.demo.lirmm.fr/v0/relations/from/Mont-Blanc?types_ids=1 status=200 elapsed=0.038s bytes=667 attempt=1
2026-09-18 12:27:28,927 INFO GET https://jdm-api.demo.lirmm.fr/v0/node_by_name/New%20York status=200 elapsed=0.062s bytes=147 attempt=1
2026-09-18 12:27:29,334 INFO GET https://jdm-api.demo.lirmm.fr/v0/relations/from/New%20York?types_ids=6 status=200 elapsed=0.106s bytes=24176 attempt=1
2026-09-18 12:27:29,676 INFO GET https://jdm-api.demo.lirmm.fr/v0/relations/from/New%20York?types_ids=36 status=200 elapsed=0.042s bytes=3081 attempt=1
2026-09-18 12:27:40,227 INFO GET https://jdm-api.demo.lirmm.fr/v0/relations/to/New%20York?relation_fields=type&relation_fields=w&without_nodes=true status=200 elapsed=10.251s bytes=2002939 attempt=1
2026-09-18 12:27:40,582 INFO GET https://jdm-api.demo.lirmm.fr/v0/relations/from/New%20York?types_ids=1 status=200 elapsed=0.055s bytes=1397 attempt=1
2026-09-18 12:27:40,920 INFO GET https://jdm-api.demo.lirmm.fr/v0/node_by_name/Terre-Neuve status=200 elapsed=0.037s bytes=148 attempt=1
2026-09-18 12:27:41,260 INFO GET https://jdm-api.demo.lirmm.fr/v0/relations/from/Terre-Neuve?types_ids=6 status=200 elapsed=0.040s bytes=2492 attempt=1
2026-09-18 12:27:41,617 INFO GET https://jdm-api.demo.lirmm.fr/v0/relations/from/Terre-Neuve?types_ids=36 status=200 elapsed=0.056s bytes=2088 attempt=1
2026-09-18 12:27:42,643 INFO GET https://jdm-api.demo.lirmm.fr/v0/relations/to/Terre-Neuve?relation_fields=type&relation_fields=w&without_nodes=true status=200 elapsed=0.726s bytes=139054 attempt=1
2026-09-18 12:27:42,982 INFO GET https://jdm-api.demo.lirmm.fr/v0/relations/from/Terre-Neuve?types_ids=1 status=200 elapsed=0.038s bytes=539 attempt=1
2026-09-18 12:27:43,310 INFO GET https://jdm-api.demo.lirmm.fr/v0/node_by_name/bas-relief status=200 elapsed=0.028s bytes=147 attempt=1
2026-09-18 12:27:43,670 INFO GET https://jdm-api.demo.lirmm.fr/v0/relations/from/bas-relief?types_ids=6 status=200 elapsed=0.060s bytes=883 attempt=1
2026-09-18 12:27:44,005 INFO GET https://jdm-api.demo.lirmm.fr/v0/relations/from/bas-relief?types_ids=36 status=200 elapsed=0.034s bytes=2561 attempt=1
2026-09-18 12:27:44,609 INFO GET https://jdm-api.demo.lirmm.fr/v0/relations/to/bas-relief?relation_fields=type&relation_fields=w&without_nodes=true status=200 elapsed=0.303s bytes=48930 attempt=1
2026-09-18 12:27:44,945 INFO GET https://jdm-api.demo.lirmm.fr/v0/relations/from/bas-relief?types_ids=1 status=200 elapsed=0.033s bytes=337 attempt=1
2026-09-18 12:27:45,282 INFO GET https://jdm-api.demo.lirmm.fr/v0/node_by_name/Fran%C3%A7ais status=200 elapsed=0.037s bytes=148 attempt=1
2026-09-18 12:27:45,653 INFO GET https://jdm-api.demo.lirmm.fr/v0/relations/from/Fran%C3%A7ais?types_ids=6 status=200 elapsed=0.071s bytes=10453 attempt=1
2026-09-18 12:27:45,985 INFO GET https://jdm-api.demo.lirmm.fr/v0/relations/from/Fran%C3%A7ais?types_ids=36 status=200 elapsed=0.031s bytes=2627 attempt=1
2026-09-18 12:27:51,000 INFO GET https://jdm-api.demo.lirmm.fr/v0/relations/to/Fran%C3%A7ais?relation_fields=type&relation_fields=w&without_nodes=true status=200 elapsed=4.714s bytes=844322 attempt=1
2026-09-18 12:27:51,332 INFO GET https://jdm-api.demo.lirmm.fr/v0/relations/from/Fran%C3%A7ais?types_ids=1 status=200 elapsed=0.032s bytes=1169 attempt=1
2026-09-18 12:27:51,662 INFO GET https://jdm-api.demo.lirmm.fr/v0/node_by_name/colis status=200 elapsed=0.030s bytes=144 attempt=1
2026-09-18 12:27:52,006 INFO GET https://jdm-api.demo.lirmm.fr/v0/relations/from/colis?types_ids=6 status=200 elapsed=0.044s bytes=1734 attempt=1
2026-09-18 12:27:52,352 INFO GET https://jdm-api.demo.lirmm.fr/v0/relations/from/colis?types_ids=36 status=200 elapsed=0.045s bytes=3168 attempt=1
2026-09-18 12:27:53,553 INFO GET https://jdm-api.demo.lirmm.fr/v0/relations/to/colis?relation_fields=type&relation_fields=w&without_nodes=true status=200 elapsed=0.901s bytes=122624 attempt=1
2026-09-18 12:27:53,917 INFO GET https://jdm-api.demo.lirmm.fr/v0/relations/from/colis?types_ids=1 status=200 elapsed=0.063s bytes=332 attempt=1
2026-09-18 12:27:54,257 INFO GET https://jdm-api.demo.lirmm.fr/v0/node_by_name/ma%C3%A7ons status=200 elapsed=0.039s bytes=143 attempt=1
2026-09-18 12:27:54,614 INFO GET https://jdm-api.demo.lirmm.fr/v0/relations/from/ma%C3%A7ons?types_ids=6 status=200 elapsed=0.057s bytes=679 attempt=1
2026-09-18 12:27:54,960 INFO GET https://jdm-api.demo.lirmm.fr/v0/relations/from/ma%C3%A7ons?types_ids=36 status=200 elapsed=0.045s bytes=1605 attempt=1
2026-09-18 12:27:55,347 INFO GET https://jdm-api.demo.lirmm.fr/v0/relations/to/ma%C3%A7ons?relation_fields=type&relation_fields=w&without_nodes=true status=200 elapsed=0.087s bytes=5348 attempt=1
2026-09-18 12:27:55,689 INFO GET https://jdm-api.demo.lirmm.fr/v0/relations/from/ma%C3%A7ons?types_ids=1 status=200 elapsed=0.042s bytes=334 attempt=1
2026-09-18 12:27:56,039 INFO GET https://jdm-api.demo.lirmm.fr/v0/node_by_name/parents status=200 elapsed=0.049s bytes=146 attempt=1
2026-09-18 12:27:56,437 INFO GET https://jdm-api.demo.lirmm.fr/v0/relations/from/parents?types_ids=6 status=200 elapsed=0.098s bytes=2090 attempt=1
2026-09-18 12:27:56,782 INFO GET https://jdm-api.demo.lirmm.fr/v0/relations/from/parents?types_ids=36 status=200 elapsed=0.044s bytes=3015 attempt=1
2026-09-18 12:28:05,635 INFO GET https://jdm-api.demo.lirmm.fr/v0/relations/to/parents?relation_fields=type&relation_fields=w&without_nodes=true status=200 elapsed=8.553s bytes=496723 attempt=1
2026-09-18 12:28:06,076 INFO GET https://jdm-api.demo.lirmm.fr/v0/relations/from/parents?types_ids=1 status=200 elapsed=0.141s bytes=334 attempt=1
2026-09-18 12:28:06,758 INFO GET https://jdm-api.demo.lirmm.fr/v0/node_by_name/plantes status=200 elapsed=0.381s bytes=146 attempt=1
2026-09-18 12:28:07,186 INFO GET https://jdm-api.demo.lirmm.fr/v0/relations/from/plantes?types_ids=6 status=200 elapsed=0.127s bytes=7172 attempt=1
2026-09-18 12:28:07,525 INFO GET https://jdm-api.demo.lirmm.fr/v0/relations/from/plantes?types_ids=36 status=200 elapsed=0.040s bytes=1727 attempt=1
2026-09-18 12:28:16,356 INFO GET https://jdm-api.demo.lirmm.fr/v0/relations/to/plantes?relation_fields=type&relation_fields=w&without_nodes=true status=200 elapsed=8.530s bytes=1827515 attempt=1
2026-09-18 12:28:16,794 INFO GET https://jdm-api.demo.lirmm.fr/v0/relations/from/plantes?types_ids=1 status=200 elapsed=0.138s bytes=334 attempt=1
2026-09-18 12:28:17,134 INFO GET https://jdm-api.demo.lirmm.fr/v0/node_by_name/pompiers status=200 elapsed=0.039s bytes=146 attempt=1
2026-09-18 12:28:17,469 INFO GET https://jdm-api.demo.lirmm.fr/v0/relations/from/pompiers?types_ids=6 status=200 elapsed=0.035s bytes=1376 attempt=1
2026-09-18 12:28:17,809 INFO GET https://jdm-api.demo.lirmm.fr/v0/relations/from/pompiers?types_ids=36 status=200 elapsed=0.039s bytes=2534 attempt=1
2026-09-18 12:28:18,949 INFO GET https://jdm-api.demo.lirmm.fr/v0/relations/to/pompiers?relation_fields=type&relation_fields=w&without_nodes=true status=200 elapsed=0.840s bytes=134321 attempt=1
2026-09-18 12:28:19,284 INFO GET https://jdm-api.demo.lirmm.fr/v0/relations/from/pompiers?types_ids=1 status=200 elapsed=0.035s bytes=335 attempt=1
2026-09-18 12:28:19,620 INFO GET https://jdm-api.demo.lirmm.fr/v0/node_by_name/cacao status=200 elapsed=0.036s bytes=143 attempt=1
2026-09-18 12:28:19,974 INFO GET https://jdm-api.demo.lirmm.fr/v0/node_by_name/cacao%20de%20C%C3%B4te status=500 elapsed=0.053s bytes=145 attempt=1
2026-09-18 12:28:20,302 INFO GET https://jdm-api.demo.lirmm.fr/v0/node_by_name/Ivoire status=200 elapsed=0.027s bytes=142 attempt=1
2026-09-18 12:28:20,664 INFO GET https://jdm-api.demo.lirmm.fr/v0/node_by_name/cacao%20de%20C%C3%B4te%20d%27Ivoire status=500 elapsed=0.062s bytes=163 attempt=1
2026-09-18 12:28:20,991 INFO GET https://jdm-api.demo.lirmm.fr/v0/node_by_name/diamants status=200 elapsed=0.027s bytes=146 attempt=1
2026-09-18 12:28:21,319 INFO GET https://jdm-api.demo.lirmm.fr/v0/node_by_name/Afrique%20du%20Sud status=200 elapsed=0.028s bytes=153 attempt=1
2026-09-18 12:28:21,661 INFO GET https://jdm-api.demo.lirmm.fr/v0/node_by_name/diamants%20d%27Afrique status=500 elapsed=0.041s bytes=153 attempt=1
2026-09-18 12:28:21,990 INFO GET https://jdm-api.demo.lirmm.fr/v0/node_by_name/Sud status=200 elapsed=0.029s bytes=140 attempt=1
2026-09-18 12:28:22,339 INFO GET https://jdm-api.demo.lirmm.fr/v0/node_by_name/diamants%20d%27Afrique%20du%20Sud status=500 elapsed=0.048s bytes=167 attempt=1
2026-09-18 12:28:36,923 INFO GET https://jdm-api.demo.lirmm.fr/v0/node_by_name/amertume status=200 elapsed=0.039s bytes=146 attempt=1
2026-09-18 12:28:37,377 INFO GET https://jdm-api.demo.lirmm.fr/v0/relations/from/amertume?types_ids=6 status=200 elapsed=0.153s bytes=1356 attempt=1
2026-09-18 12:28:37,713 INFO GET https://jdm-api.demo.lirmm.fr/v0/relations/from/amertume?types_ids=36 status=200 elapsed=0.036s bytes=2478 attempt=1
2026-09-18 12:28:38,724 INFO GET https://jdm-api.demo.lirmm.fr/v0/relations/to/amertume?relation_fields=type&relation_fields=w&without_nodes=true status=200 elapsed=0.710s bytes=99097 attempt=1
2026-09-18 12:28:39,069 INFO GET https://jdm-api.demo.lirmm.fr/v0/relations/from/amertume?types_ids=1 status=200 elapsed=0.044s bytes=643 attempt=1
2026-09-18 12:28:39,414 INFO GET https://jdm-api.demo.lirmm.fr/v0/node_by_name/discr%C3%A9tion status=200 elapsed=0.045s bytes=147 attempt=1
2026-09-18 12:28:39,774 INFO GET https://jdm-api.demo.lirmm.fr/v0/relations/from/discr%C3%A9tion?types_ids=6 status=200 elapsed=0.059s bytes=2898 attempt=1
2026-09-18 12:28:40,119 INFO GET https://jdm-api.demo.lirmm.fr/v0/relations/from/discr%C3%A9tion?types_ids=36 status=200 elapsed=0.044s bytes=2215 attempt=1
2026-09-18 12:28:42,085 INFO GET https://jdm-api.demo.lirmm.fr/v0/relations/to/discr%C3%A9tion?relation_fields=type&relation_fields=w&without_nodes=true status=200 elapsed=1.667s bytes=234486 attempt=1
2026-09-18 12:28:42,429 INFO GET https://jdm-api.demo.lirmm.fr/v0/relations/from/discr%C3%A9tion?types_ids=1 status=200 elapsed=0.043s bytes=338 attempt=1
2026-09-18 12:28:42,771 INFO GET https://jdm-api.demo.lirmm.fr/v0/node_by_name/hu%C3%A9es status=200 elapsed=0.042s bytes=141 attempt=1
2026-09-18 12:28:43,112 INFO GET https://jdm-api.demo.lirmm.fr/v0/relations/from/hu%C3%A9es?types_ids=6 status=200 elapsed=0.040s bytes=333 attempt=1
2026-09-18 12:28:43,457 INFO GET https://jdm-api.demo.lirmm.fr/v0/relations/from/hu%C3%A9es?types_ids=36 status=200 elapsed=0.044s bytes=2425 attempt=1
2026-09-18 12:28:43,837 INFO GET https://jdm-api.demo.lirmm.fr/v0/relations/to/hu%C3%A9es?relation_fields=type&relation_fields=w&without_nodes=true status=200 elapsed=0.080s bytes=4568 attempt=1
2026-09-18 12:28:44,177 INFO GET https://jdm-api.demo.lirmm.fr/v0/relations/from/hu%C3%A9es?types_ids=1 status=200 elapsed=0.040s bytes=333 attempt=1
2026-09-18 12:28:44,521 INFO GET https://jdm-api.demo.lirmm.fr/v0/node_by_name/le%C3%A7on status=200 elapsed=0.043s bytes=144 attempt=1
2026-09-18 12:28:44,862 INFO GET https://jdm-api.demo.lirmm.fr/v0/relations/from/le%C3%A7on?types_ids=6 status=200 elapsed=0.040s bytes=1122 attempt=1
2026-09-18 12:28:45,211 INFO GET https://jdm-api.demo.lirmm.fr/v0/relations/from/le%C3%A7on?types_ids=36 status=200 elapsed=0.048s bytes=2903 attempt=1
2026-09-18 12:28:46,664 INFO GET https://jdm-api.demo.lirmm.fr/v0/relations/to/le%C3%A7on?relation_fields=type&relation_fields=w&without_nodes=true status=200 elapsed=1.153s bytes=134536 attempt=1
2026-09-18 12:28:47,010 INFO GET https://jdm-api.demo.lirmm.fr/v0/relations/from/le%C3%A7on?types_ids=1 status=200 elapsed=0.046s bytes=333 attempt=1
2026-09-18 12:28:47,345 INFO GET https://jdm-api.demo.lirmm.fr/v0/node_by_name/distillation status=200 elapsed=0.034s bytes=147 attempt=1
2026-09-18 12:28:47,711 INFO GET https://jdm-api.demo.lirmm.fr/v0/relations/from/distillation?types_ids=6 status=200 elapsed=0.066s bytes=3029 attempt=1
2026-09-18 12:28:48,079 INFO GET https://jdm-api.demo.lirmm.fr/v0/relations/from/distillation?types_ids=36 status=200 elapsed=0.067s bytes=2663 attempt=1
2026-09-18 12:28:49,182 INFO GET https://jdm-api.demo.lirmm.fr/v0/relations/to/distillation?relation_fields=type&relation_fields=w&without_nodes=true status=200 elapsed=0.803s bytes=156657 attempt=1
2026-09-18 12:28:49,536 INFO GET https://jdm-api.demo.lirmm.fr/v0/relations/from/distillation?types_ids=1 status=200 elapsed=0.053s bytes=339 attempt=1
2026-09-18 12:28:49,878 INFO GET https://jdm-api.demo.lirmm.fr/v0/node_by_name/ferrage status=200 elapsed=0.042s bytes=143 attempt=1
2026-09-18 12:28:50,213 INFO GET https://jdm-api.demo.lirmm.fr/v0/relations/from/ferrage?types_ids=6 status=200 elapsed=0.035s bytes=517 attempt=1
2026-09-18 12:28:50,560 INFO GET https://jdm-api.demo.lirmm.fr/v0/relations/from/ferrage?types_ids=36 status=200 elapsed=0.046s bytes=2422 attempt=1
2026-09-18 12:28:50,997 INFO GET https://jdm-api.demo.lirmm.fr/v0/relations/to/ferrage?relation_fields=type&relation_fields=w&without_nodes=true status=200 elapsed=0.136s bytes=4971 attempt=1
2026-09-18 12:28:53,076 INFO GET https://jdm-api.demo.lirmm.fr/v0/relations/from/ferrage?types_ids=1 status=200 elapsed=1.779s bytes=334 attempt=1
2026-09-18 12:28:53,454 INFO GET https://jdm-api.demo.lirmm.fr/v0/node_by_name/Bath status=200 elapsed=0.078s bytes=139 attempt=1
2026-09-18 12:28:53,806 INFO GET https://jdm-api.demo.lirmm.fr/v0/relations/from/Bath?types_ids=6 status=200 elapsed=0.051s bytes=2399 attempt=1
2026-09-18 12:28:54,171 INFO GET https://jdm-api.demo.lirmm.fr/v0/relations/from/Bath?types_ids=36 status=200 elapsed=0.065s bytes=1632 attempt=1
2026-09-18 12:28:54,795 INFO GET https://jdm-api.demo.lirmm.fr/v0/relations/to/Bath?relation_fields=type&relation_fields=w&without_nodes=true status=200 elapsed=0.323s bytes=49045 attempt=1
2026-09-18 12:28:55,151 INFO GET https://jdm-api.demo.lirmm.fr/v0/relations/from/Bath?types_ids=1 status=200 elapsed=0.056s bytes=642 attempt=1
2026-09-18 12:28:55,491 INFO GET https://jdm-api.demo.lirmm.fr/v0/node_by_name/Arabie status=200 elapsed=0.040s bytes=144 attempt=1
2026-09-18 12:28:55,837 INFO GET https://jdm-api.demo.lirmm.fr/v0/relations/from/Arabie?types_ids=6 status=200 elapsed=0.045s bytes=1088 attempt=1
2026-09-18 12:28:56,215 INFO GET https://jdm-api.demo.lirmm.fr/v0/relations/from/Arabie?types_ids=36 status=200 elapsed=0.078s bytes=2077 attempt=1
2026-09-18 12:28:57,318 INFO GET https://jdm-api.demo.lirmm.fr/v0/relations/to/Arabie?relation_fields=type&relation_fields=w&without_nodes=true status=200 elapsed=0.803s bytes=159500 attempt=1
2026-09-18 12:28:57,657 INFO GET https://jdm-api.demo.lirmm.fr/v0/relations/from/Arabie?types_ids=1 status=200 elapsed=0.039s bytes=528 attempt=1
2026-09-18 12:28:57,994 INFO GET https://jdm-api.demo.lirmm.fr/v0/node_by_name/porte-parole status=200 elapsed=0.036s bytes=148 attempt=1
2026-09-18 12:28:58,356 INFO GET https://jdm-api.demo.lirmm.fr/v0/relations/from/porte-parole?types_ids=6 status=200 elapsed=0.062s bytes=7686 attempt=1
2026-09-18 12:28:58,695 INFO GET https://jdm-api.demo.lirmm.fr/v0/relations/from/porte-parole?types_ids=36 status=200 elapsed=0.039s bytes=2812 attempt=1
2026-09-18 12:29:00,240 INFO GET https://jdm-api.demo.lirmm.fr/v0/relations/to/porte-parole?relation_fields=type&relation_fields=w&without_nodes=true status=200 elapsed=1.245s bytes=180727 attempt=1
2026-09-18 12:29:00,578 INFO GET https://jdm-api.demo.lirmm.fr/v0/relations/from/porte-parole?types_ids=1 status=200 elapsed=0.037s bytes=339 attempt=1
2026-09-18 12:29:00,910 INFO GET https://jdm-api.demo.lirmm.fr/v0/node_by_name/animaux status=200 elapsed=0.032s bytes=145 attempt=1
2026-09-18 12:29:01,989 INFO GET https://jdm-api.demo.lirmm.fr/v0/relations/from/animaux?types_ids=6 status=200 elapsed=0.778s bytes=14192 attempt=1
2026-09-18 12:29:02,339 INFO GET https://jdm-api.demo.lirmm.fr/v0/relations/from/animaux?types_ids=36 status=200 elapsed=0.050s bytes=2176 attempt=1
2026-09-18 12:29:11,985 INFO GET https://jdm-api.demo.lirmm.fr/v0/relations/to/animaux?relation_fields=type&relation_fields=w&without_nodes=true status=200 elapsed=9.346s bytes=3088196 attempt=1
2026-09-18 12:29:12,384 INFO GET https://jdm-api.demo.lirmm.fr/v0/relations/from/animaux?types_ids=1 status=200 elapsed=0.099s bytes=334 attempt=1
2026-09-18 12:29:12,723 INFO GET https://jdm-api.demo.lirmm.fr/v0/node_by_name/d%C3%A9put%C3%A9s status=200 elapsed=0.038s bytes=148 attempt=1
2026-09-18 12:29:13,068 INFO GET https://jdm-api.demo.lirmm.fr/v0/relations/from/d%C3%A9put%C3%A9s?types_ids=6 status=200 elapsed=0.045s bytes=1579 attempt=1
2026-09-18 12:29:13,410 INFO GET https://jdm-api.demo.lirmm.fr/v0/relations/from/d%C3%A9put%C3%A9s?types_ids=36 status=200 elapsed=0.042s bytes=1966 attempt=1
2026-09-18 12:29:14,943 INFO GET https://jdm-api.demo.lirmm.fr/v0/relations/to/d%C3%A9put%C3%A9s?relation_fields=type&relation_fields=w&without_nodes=true status=200 elapsed=1.233s bytes=182669 attempt=1
2026-09-18 12:29:15,283 INFO GET https://jdm-api.demo.lirmm.fr/v0/relations/from/d%C3%A9put%C3%A9s?types_ids=1 status=200 elapsed=0.040s bytes=336 attempt=1
2026-09-18 12:29:15,619 INFO GET https://jdm-api.demo.lirmm.fr/v0/node_by_name/orphelins status=200 elapsed=0.036s bytes=145 attempt=1
2026-09-18 12:29:15,961 INFO GET https://jdm-api.demo.lirmm.fr/v0/relations/from/orphelins?types_ids=6 status=200 elapsed=0.041s bytes=542 attempt=1
2026-09-18 12:29:16,310 INFO GET https://jdm-api.demo.lirmm.fr/v0/relations/from/orphelins?types_ids=36 status=200 elapsed=0.048s bytes=1833 attempt=1
2026-09-18 12:29:16,731 INFO GET https://jdm-api.demo.lirmm.fr/v0/relations/to/orphelins?relation_fields=type&relation_fields=w&without_nodes=true status=200 elapsed=0.121s bytes=14043 attempt=1
2026-09-18 12:29:17,062 INFO GET https://jdm-api.demo.lirmm.fr/v0/relations/from/orphelins?types_ids=1 status=200 elapsed=0.030s bytes=336 attempt=1
2026-09-18 12:29:17,401 INFO GET https://jdm-api.demo.lirmm.fr/v0/node_by_name/phares status=200 elapsed=0.039s bytes=143 attempt=1
2026-09-18 12:29:17,749 INFO GET https://jdm-api.demo.lirmm.fr/v0/relations/from/phares?types_ids=6 status=200 elapsed=0.047s bytes=519 attempt=1
2026-09-18 12:29:18,087 INFO GET https://jdm-api.demo.lirmm.fr/v0/relations/from/phares?types_ids=36 status=200 elapsed=0.038s bytes=2534 attempt=1
2026-09-18 12:29:18,619 INFO GET https://jdm-api.demo.lirmm.fr/v0/relations/to/phares?relation_fields=type&relation_fields=w&without_nodes=true status=200 elapsed=0.232s bytes=40424 attempt=1
2026-09-18 12:29:18,959 INFO GET https://jdm-api.demo.lirmm.fr/v0/relations/from/phares?types_ids=1 status=200 elapsed=0.039s bytes=333 attempt=1
2026-09-18 12:29:19,317 INFO GET https://jdm-api.demo.lirmm.fr/v0/node_by_name/rosiers status=200 elapsed=0.058s bytes=143 attempt=1
2026-09-18 12:29:19,658 INFO GET https://jdm-api.demo.lirmm.fr/v0/relations/from/rosiers?types_ids=6 status=200 elapsed=0.040s bytes=334 attempt=1
2026-09-18 12:29:19,991 INFO GET https://jdm-api.demo.lirmm.fr/v0/relations/from/rosiers?types_ids=36 status=200 elapsed=0.032s bytes=1727 attempt=1
2026-09-18 12:29:20,400 INFO GET https://jdm-api.demo.lirmm.fr/v0/relations/to/rosiers?relation_fields=type&relation_fields=w&without_nodes=true status=200 elapsed=0.109s bytes=15365 attempt=1
2026-09-18 12:29:20,738 INFO GET https://jdm-api.demo.lirmm.fr/v0/relations/from/rosiers?types_ids=1 status=200 elapsed=0.037s bytes=334 attempt=1
2026-09-18 12:36:27,313 INFO GET https://jdm-api.demo.lirmm.fr/v0/node_by_id/146885 status=200 elapsed=0.032s bytes=145 attempt=1
2026-09-18 12:36:27,655 INFO GET https://jdm-api.demo.lirmm.fr/v0/node_by_id/11403 status=200 elapsed=0.041s bytes=148 attempt=1
2026-09-18 12:36:27,994 INFO GET https://jdm-api.demo.lirmm.fr/v0/node_by_id/324764 status=200 elapsed=0.040s bytes=151 attempt=1
2026-09-18 12:36:28,395 INFO GET https://jdm-api.demo.lirmm.fr/v0/node_by_id/9575 status=200 elapsed=0.100s bytes=143 attempt=1
2026-09-18 12:36:28,732 INFO GET https://jdm-api.demo.lirmm.fr/v0/node_by_id/146272 status=200 elapsed=0.037s bytes=149 attempt=1
2026-09-18 12:36:29,069 INFO GET https://jdm-api.demo.lirmm.fr/v0/node_by_id/87855 status=200 elapsed=0.036s bytes=149 attempt=1
2026-09-18 12:36:29,410 INFO GET https://jdm-api.demo.lirmm.fr/v0/node_by_id/391008 status=200 elapsed=0.040s bytes=145 attempt=1
2026-09-18 12:36:29,737 INFO GET https://jdm-api.demo.lirmm.fr/v0/node_by_id/2587820 status=200 elapsed=0.027s bytes=151 attempt=1
2026-09-18 12:36:30,073 INFO GET https://jdm-api.demo.lirmm.fr/v0/node_by_id/16033 status=200 elapsed=0.036s bytes=146 attempt=1
2026-09-18 12:36:30,412 INFO GET https://jdm-api.demo.lirmm.fr/v0/node_by_id/117095 status=200 elapsed=0.039s bytes=146 attempt=1
2026-09-18 12:36:30,754 INFO GET https://jdm-api.demo.lirmm.fr/v0/node_by_id/171870 status=200 elapsed=0.042s bytes=139 attempt=1
2026-09-18 12:36:31,092 INFO GET https://jdm-api.demo.lirmm.fr/v0/node_by_id/325656 status=200 elapsed=0.037s bytes=158 attempt=1
2026-09-18 12:36:31,431 INFO GET https://jdm-api.demo.lirmm.fr/v0/node_by_id/65364 status=200 elapsed=0.039s bytes=145 attempt=1
2026-09-18 12:36:31,772 INFO GET https://jdm-api.demo.lirmm.fr/v0/node_by_id/8957302 status=200 elapsed=0.040s bytes=152 attempt=1
2026-09-18 12:36:32,111 INFO GET https://jdm-api.demo.lirmm.fr/v0/node_by_id/56413 status=200 elapsed=0.038s bytes=148 attempt=1
2026-09-18 12:36:32,451 INFO GET https://jdm-api.demo.lirmm.fr/v0/node_by_id/109527 status=200 elapsed=0.039s bytes=145 attempt=1
2026-09-18 12:36:32,789 INFO GET https://jdm-api.demo.lirmm.fr/v0/node_by_id/139768 status=200 elapsed=0.037s bytes=146 attempt=1
2026-09-18 12:36:33,131 INFO GET https://jdm-api.demo.lirmm.fr/v0/node_by_id/61015 status=200 elapsed=0.042s bytes=148 attempt=1
2026-09-18 12:36:33,471 INFO GET https://jdm-api.demo.lirmm.fr/v0/node_by_id/134218 status=200 elapsed=0.040s bytes=146 attempt=1
2026-09-18 12:36:33,814 INFO GET https://jdm-api.demo.lirmm.fr/v0/node_by_id/87150 status=200 elapsed=0.043s bytes=154 attempt=1
2026-09-18 12:36:34,153 INFO GET https://jdm-api.demo.lirmm.fr/v0/node_by_id/43260 status=200 elapsed=0.038s bytes=149 attempt=1
2026-09-18 12:36:34,492 INFO GET https://jdm-api.demo.lirmm.fr/v0/node_by_id/17573 status=200 elapsed=0.039s bytes=152 attempt=1
2026-09-18 12:36:34,827 INFO GET https://jdm-api.demo.lirmm.fr/v0/node_by_id/103255 status=200 elapsed=0.035s bytes=145 attempt=1
2026-09-18 12:36:35,165 INFO GET https://jdm-api.demo.lirmm.fr/v0/node_by_id/146881 status=200 elapsed=0.038s bytes=145 attempt=1
2026-09-18 12:36:35,503 INFO GET https://jdm-api.demo.lirmm.fr/v0/node_by_id/123933 status=200 elapsed=0.038s bytes=146 attempt=1
2026-09-18 12:36:35,834 INFO GET https://jdm-api.demo.lirmm.fr/v0/node_by_id/38710 status=200 elapsed=0.031s bytes=151 attempt=1
2026-09-18 12:36:36,174 INFO GET https://jdm-api.demo.lirmm.fr/v0/node_by_id/60448 status=200 elapsed=0.039s bytes=143 attempt=1
2026-09-18 12:36:36,507 INFO GET https://jdm-api.demo.lirmm.fr/v0/node_by_id/16644 status=200 elapsed=0.033s bytes=148 attempt=1
2026-09-18 12:36:36,845 INFO GET https://jdm-api.demo.lirmm.fr/v0/node_by_id/70527 status=200 elapsed=0.037s bytes=146 attempt=1
2026-09-18 12:36:37,182 INFO GET https://jdm-api.demo.lirmm.fr/v0/node_by_id/3695 status=200 elapsed=0.037s bytes=141 attempt=1
2026-09-18 12:36:37,518 INFO GET https://jdm-api.demo.lirmm.fr/v0/node_by_id/67415 status=200 elapsed=0.035s bytes=146 attempt=1
2026-09-18 12:36:37,865 INFO GET https://jdm-api.demo.lirmm.fr/v0/node_by_id/105890 status=200 elapsed=0.047s bytes=145 attempt=1
2026-09-18 12:36:38,203 INFO GET https://jdm-api.demo.lirmm.fr/v0/node_by_id/142787 status=200 elapsed=0.037s bytes=145 attempt=1
2026-09-18 12:36:38,537 INFO GET https://jdm-api.demo.lirmm.fr/v0/node_by_id/68439 status=200 elapsed=0.034s bytes=147 attempt=1
2026-09-18 12:36:38,875 INFO GET https://jdm-api.demo.lirmm.fr/v0/node_by_id/35143 status=200 elapsed=0.037s bytes=146 attempt=1
